app/(dashboard)/admin/content/blog/[id]/page.tsx(30,47): error TS2339: Property 'adminGenerateAiDraft' does not exist on type 'DecorateRouterRecord<{ ctx: Context; meta: object; errorShape: { message: string; data: { stack: string | undefined; fieldErrors: Record<string, string> | null; code: "PARSE_ERROR" | "BAD_REQUEST" | ... 18 more ... | "CLIENT_CLOSED_REQUEST"; httpStatus: number; path?: string | undefined; }; code: TRPC_ERROR_CODE_NUM...'.
app/(dashboard)/admin/content/blog/[id]/page.tsx(31,17): error TS7006: Parameter 'res' implicitly has an 'any' type.
app/(dashboard)/admin/content/blog/[id]/page.tsx(38,15): error TS7006: Parameter 'err' implicitly has an 'any' type.
app/(dashboard)/admin/content/blog/source-items/page.tsx(64,45): error TS2551: Property 'adminScoreSourceItem' does not exist on type 'DecorateRouterRecord<{ ctx: Context; meta: object; errorShape: { message: string; data: { stack: string | undefined; fieldErrors: Record<string, string> | null; code: "PARSE_ERROR" | "BAD_REQUEST" | ... 18 more ... | "CLIENT_CLOSED_REQUEST"; httpStatus: number; path?: string | undefined; }; code: TRPC_ERROR_CODE_NUM...'. Did you mean 'adminGetSourceItem'?
app/(dashboard)/admin/content/blog/suggestions/[id]/page.tsx(34,63): error TS2339: Property 'adminGetSuggestion' does not exist on type 'DecorateRouterRecord<{ ctx: Context; meta: object; errorShape: { message: string; data: { stack: string | undefined; fieldErrors: Record<string, string> | null; code: "PARSE_ERROR" | "BAD_REQUEST" | ... 18 more ... | "CLIENT_CLOSED_REQUEST"; httpStatus: number; path?: string | undefined; }; code: TRPC_ERROR_CODE_NUM...'.
app/(dashboard)/admin/content/blog/suggestions/[id]/page.tsx(37,51): error TS2339: Property 'adminCreateDraftFromSuggestion' does not exist on type 'DecorateRouterRecord<{ ctx: Context; meta: object; errorShape: { message: string; data: { stack: string | undefined; fieldErrors: Record<string, string> | null; code: "PARSE_ERROR" | "BAD_REQUEST" | ... 18 more ... | "CLIENT_CLOSED_REQUEST"; httpStatus: number; path?: string | undefined; }; code: TRPC_ERROR_CODE_NUM...'.
app/(dashboard)/admin/content/blog/suggestions/[id]/page.tsx(38,17): error TS7006: Parameter 'res' implicitly has an 'any' type.
app/(dashboard)/admin/content/blog/suggestions/page.tsx(53,51): error TS2339: Property 'adminListSuggestions' does not exist on type 'DecorateRouterRecord<{ ctx: Context; meta: object; errorShape: { message: string; data: { stack: string | undefined; fieldErrors: Record<string, string> | null; code: "PARSE_ERROR" | "BAD_REQUEST" | ... 18 more ... | "CLIENT_CLOSED_REQUEST"; httpStatus: number; path?: string | undefined; }; code: TRPC_ERROR_CODE_NUM...'.
app/(dashboard)/admin/content/blog/suggestions/page.tsx(60,50): error TS2339: Property 'adminScoreEligibleSourceItems' does not exist on type 'DecorateRouterRecord<{ ctx: Context; meta: object; errorShape: { message: string; data: { stack: string | undefined; fieldErrors: Record<string, string> | null; code: "PARSE_ERROR" | "BAD_REQUEST" | ... 18 more ... | "CLIENT_CLOSED_REQUEST"; httpStatus: number; path?: string | undefined; }; code: TRPC_ERROR_CODE_NUM...'.
app/(dashboard)/admin/content/blog/suggestions/page.tsx(63,33): error TS2339: Property 'adminListSuggestions' does not exist on type 'DecorateRouter & { adminListMonitors: DecorateQueryProcedure<{ ctx: Context; meta: object; errorShape: { message: string; data: { stack: string | undefined; fieldErrors: Record<string, string> | null; code: "PARSE_ERROR" | ... 19 more ... | "CLIENT_CLOSED_REQUEST"; httpStatus: number; path?: string | undefined; }; c...'.
app/(dashboard)/admin/content/blog/suggestions/page.tsx(68,47): error TS2339: Property 'adminApproveSuggestionForDraft' does not exist on type 'DecorateRouterRecord<{ ctx: Context; meta: object; errorShape: { message: string; data: { stack: string | undefined; fieldErrors: Record<string, string> | null; code: "PARSE_ERROR" | "BAD_REQUEST" | ... 18 more ... | "CLIENT_CLOSED_REQUEST"; httpStatus: number; path?: string | undefined; }; code: TRPC_ERROR_CODE_NUM...'.
app/(dashboard)/admin/content/blog/suggestions/page.tsx(69,109): error TS2339: Property 'adminListSuggestions' does not exist on type 'DecorateRouter & { adminListMonitors: DecorateQueryProcedure<{ ctx: Context; meta: object; errorShape: { message: string; data: { stack: string | undefined; fieldErrors: Record<string, string> | null; code: "PARSE_ERROR" | ... 19 more ... | "CLIENT_CLOSED_REQUEST"; httpStatus: number; path?: string | undefined; }; c...'.
app/(dashboard)/admin/content/blog/suggestions/page.tsx(73,47): error TS2339: Property 'adminDismissSuggestion' does not exist on type 'DecorateRouterRecord<{ ctx: Context; meta: object; errorShape: { message: string; data: { stack: string | undefined; fieldErrors: Record<string, string> | null; code: "PARSE_ERROR" | "BAD_REQUEST" | ... 18 more ... | "CLIENT_CLOSED_REQUEST"; httpStatus: number; path?: string | undefined; }; code: TRPC_ERROR_CODE_NUM...'.
app/(dashboard)/admin/content/blog/suggestions/page.tsx(78,33): error TS2339: Property 'adminListSuggestions' does not exist on type 'DecorateRouter & { adminListMonitors: DecorateQueryProcedure<{ ctx: Context; meta: object; errorShape: { message: string; data: { stack: string | undefined; fieldErrors: Record<string, string> | null; code: "PARSE_ERROR" | ... 19 more ... | "CLIENT_CLOSED_REQUEST"; httpStatus: number; path?: string | undefined; }; c...'.
app/(dashboard)/admin/content/blog/suggestions/page.tsx(83,56): error TS2339: Property 'adminMarkSuggestionNeedsMoreSources' does not exist on type 'DecorateRouterRecord<{ ctx: Context; meta: object; errorShape: { message: string; data: { stack: string | undefined; fieldErrors: Record<string, string> | null; code: "PARSE_ERROR" | "BAD_REQUEST" | ... 18 more ... | "CLIENT_CLOSED_REQUEST"; httpStatus: number; path?: string | undefined; }; code: TRPC_ERROR_CODE_NUM...'.
app/(dashboard)/admin/content/blog/suggestions/page.tsx(88,33): error TS2339: Property 'adminListSuggestions' does not exist on type 'DecorateRouter & { adminListMonitors: DecorateQueryProcedure<{ ctx: Context; meta: object; errorShape: { message: string; data: { stack: string | undefined; fieldErrors: Record<string, string> | null; code: "PARSE_ERROR" | ... 19 more ... | "CLIENT_CLOSED_REQUEST"; httpStatus: number; path?: string | undefined; }; c...'.
app/(dashboard)/admin/content/blog/suggestions/page.tsx(93,51): error TS2339: Property 'adminCreateDraftFromSuggestion' does not exist on type 'DecorateRouterRecord<{ ctx: Context; meta: object; errorShape: { message: string; data: { stack: string | undefined; fieldErrors: Record<string, string> | null; code: "PARSE_ERROR" | "BAD_REQUEST" | ... 18 more ... | "CLIENT_CLOSED_REQUEST"; httpStatus: number; path?: string | undefined; }; code: TRPC_ERROR_CODE_NUM...'.
app/(dashboard)/admin/content/blog/suggestions/page.tsx(94,17): error TS7006: Parameter 'res' implicitly has an 'any' type.
app/(dashboard)/admin/content/blog/suggestions/page.tsx(239,34): error TS2552: Cannot find name 'ExternalLink'. Did you mean 'External'?
